Archive member included because of file (symbol)

/Users/Mallesh/tivaware/driverlib/gcc/libdriver.a(fpu.o)
                              ./parser.o (FPUEnable)
/Users/Mallesh/tivaware/driverlib/gcc/libdriver.a(gpio.o)
                              ./main.o (GPIOIntTypeSet)
/Users/Mallesh/tivaware/driverlib/gcc/libdriver.a(i2c.o)
                              ./configs.o (I2CMasterInitExpClk)
/Users/Mallesh/tivaware/driverlib/gcc/libdriver.a(interrupt.o)
                              ./main.o (IntRegister)
/Users/Mallesh/tivaware/driverlib/gcc/libdriver.a(sysctl.o)
                              ./configs.o (SysCtlPeripheralReady)
/Users/Mallesh/tivaware/driverlib/gcc/libdriver.a(systick.o)
                              ./main.o (SysTickEnable)
/Users/Mallesh/tivaware/driverlib/gcc/libdriver.a(uart.o)
                              ./configs.o (UARTConfigSetExpClk)
/Users/Mallesh/tivaware/driverlib/gcc/libdriver.a(cpu.o)
                              /Users/Mallesh/tivaware/driverlib/gcc/libdriver.a(interrupt.o) (CPUcpsid)
/usr/local/gcc-arm-none-eabi-4_9-2015q3/bin/../lib/gcc/arm-none-eabi/4.9.3/armv7e-m/libgcc.a(_arm_addsubdf3.o)
                              ./parser.o (__aeabi_dsub)
/usr/local/gcc-arm-none-eabi-4_9-2015q3/bin/../lib/gcc/arm-none-eabi/4.9.3/armv7e-m/libgcc.a(_arm_muldivdf3.o)
                              ./parser.o (__aeabi_dmul)
/usr/local/gcc-arm-none-eabi-4_9-2015q3/bin/../lib/gcc/arm-none-eabi/4.9.3/armv7e-m/libgcc.a(_arm_fixunsdfsi.o)
                              ./parser.o (__aeabi_d2uiz)
/usr/local/gcc-arm-none-eabi-4_9-2015q3/bin/../lib/gcc/arm-none-eabi/4.9.3/../../../../arm-none-eabi/lib/armv7e-m/libc.a(lib_a-exit.o)
                              /usr/local/gcc-arm-none-eabi-4_9-2015q3/bin/../lib/gcc/arm-none-eabi/4.9.3/../../../../arm-none-eabi/lib/armv7e-m/crt0.o (exit)
/usr/local/gcc-arm-none-eabi-4_9-2015q3/bin/../lib/gcc/arm-none-eabi/4.9.3/../../../../arm-none-eabi/lib/armv7e-m/libc.a(lib_a-impure.o)
                              /usr/local/gcc-arm-none-eabi-4_9-2015q3/bin/../lib/gcc/arm-none-eabi/4.9.3/../../../../arm-none-eabi/lib/armv7e-m/libc.a(lib_a-exit.o) (_global_impure_ptr)
/usr/local/gcc-arm-none-eabi-4_9-2015q3/bin/../lib/gcc/arm-none-eabi/4.9.3/../../../../arm-none-eabi/lib/armv7e-m/libc.a(lib_a-init.o)
                              /usr/local/gcc-arm-none-eabi-4_9-2015q3/bin/../lib/gcc/arm-none-eabi/4.9.3/../../../../arm-none-eabi/lib/armv7e-m/crt0.o (__libc_init_array)
/usr/local/gcc-arm-none-eabi-4_9-2015q3/bin/../lib/gcc/arm-none-eabi/4.9.3/../../../../arm-none-eabi/lib/armv7e-m/libc.a(lib_a-memcpy.o)
                              ./parser.o (memcpy)
/usr/local/gcc-arm-none-eabi-4_9-2015q3/bin/../lib/gcc/arm-none-eabi/4.9.3/../../../../arm-none-eabi/lib/armv7e-m/libc.a(lib_a-memset.o)
                              /usr/local/gcc-arm-none-eabi-4_9-2015q3/bin/../lib/gcc/arm-none-eabi/4.9.3/../../../../arm-none-eabi/lib/armv7e-m/crt0.o (memset)
/usr/local/gcc-arm-none-eabi-4_9-2015q3/bin/../lib/gcc/arm-none-eabi/4.9.3/../../../../arm-none-eabi/lib/armv7e-m/libc.a(lib_a-__call_atexit.o)
                              /usr/local/gcc-arm-none-eabi-4_9-2015q3/bin/../lib/gcc/arm-none-eabi/4.9.3/../../../../arm-none-eabi/lib/armv7e-m/libc.a(lib_a-exit.o) (__call_exitprocs)
/usr/local/gcc-arm-none-eabi-4_9-2015q3/bin/../lib/gcc/arm-none-eabi/4.9.3/../../../../arm-none-eabi/lib/armv7e-m/libc.a(lib_a-atexit.o)
                              /usr/local/gcc-arm-none-eabi-4_9-2015q3/bin/../lib/gcc/arm-none-eabi/4.9.3/../../../../arm-none-eabi/lib/armv7e-m/libc.a(lib_a-__call_atexit.o) (atexit)
/usr/local/gcc-arm-none-eabi-4_9-2015q3/bin/../lib/gcc/arm-none-eabi/4.9.3/../../../../arm-none-eabi/lib/armv7e-m/libc.a(lib_a-fini.o)
                              /usr/local/gcc-arm-none-eabi-4_9-2015q3/bin/../lib/gcc/arm-none-eabi/4.9.3/../../../../arm-none-eabi/lib/armv7e-m/libc.a(lib_a-__call_atexit.o) (__libc_fini_array)
/usr/local/gcc-arm-none-eabi-4_9-2015q3/bin/../lib/gcc/arm-none-eabi/4.9.3/../../../../arm-none-eabi/lib/armv7e-m/libc.a(lib_a-__atexit.o)
                              /usr/local/gcc-arm-none-eabi-4_9-2015q3/bin/../lib/gcc/arm-none-eabi/4.9.3/../../../../arm-none-eabi/lib/armv7e-m/libc.a(lib_a-atexit.o) (__register_exitproc)

Allocating common symbols
Common symbol       size              file

funptr              0x4               ./main.o
pext_ptr            0x4               ./main.o
pexts               0x1c              ./main.o
ISL                 0x9               ./ISL29023Lib.o
uart_char           0x1               ./main.o

Discarded input sections

 .text          0x0000000000000000        0x0 /usr/local/gcc-arm-none-eabi-4_9-2015q3/bin/../lib/gcc/arm-none-eabi/4.9.3/armv7e-m/crti.o
 .data          0x0000000000000000        0x0 /usr/local/gcc-arm-none-eabi-4_9-2015q3/bin/../lib/gcc/arm-none-eabi/4.9.3/armv7e-m/crti.o
[...]
Memory Configuration

Name             Origin             Length             Attributes
FLASH            0x0000000000000000 0x0000000000040000 xr
RAM              0x0000000020000000 0x0000000000008000 xrw
STACK            0x0000000020007fff 0x0000000000000000 xrw
*default*        0x0000000000000000 0xffffffffffffffff

Linker script and memory map

LOAD /usr/local/gcc-arm-none-eabi-4_9-2015q3/bin/../lib/gcc/arm-none-eabi/4.9.3/armv7e-m/crti.o
LOAD /usr/local/gcc-arm-none-eabi-4_9-2015q3/bin/../lib/gcc/arm-none-eabi/4.9.3/armv7e-m/crtbegin.o
LOAD /usr/local/gcc-arm-none-eabi-4_9-2015q3/bin/../lib/gcc/arm-none-eabi/4.9.3/../../../../arm-none-eabi/lib/armv7e-m/crt0.o

.text           0x0000000000000000     0x3d30
                0x0000000000000000                _start_text = .
 *(.nvic_table)
 .nvic_table    0x0000000000000000      0x26c ./startup_gcc.o
                0x0000000000000000                myvectors
 *(.text.*)
 .text.config_ISL29023
                0x000000000000026c       0xb4 ./ISL29023Lib.o
                0x000000000000026c                config_ISL29023
 .text.ISL29023_Write
                0x0000000000000320       0x78 ./ISL29023Lib.o
                0x0000000000000320                ISL29023_Write
 .text.ISL29023_Read_Reg
                0x0000000000000398      0x134 ./ISL29023Lib.o
                0x0000000000000398                ISL29023_Read_Reg
 .text.config_SHT21
                0x00000000000004cc       0xa0 ./SHT21Lib.o
                0x00000000000004cc                config_SHT21
 .text.SHT21_CheckCRC
                0x000000000000056c       0x54 ./SHT21Lib.o
                0x000000000000056c                SHT21_CheckCRC
 .text.SHT21_Write_User_Reg
                0x00000000000005c0       0xbc ./SHT21Lib.o
                0x00000000000005c0                SHT21_Write_User_Reg
 .text.SHT21_Read_User_Reg
                0x000000000000067c       0xb8 ./SHT21Lib.o
                0x000000000000067c                SHT21_Read_User_Reg
 .text.SHT21_Read_Temp
                0x0000000000000734      0x130 ./SHT21Lib.o
                0x0000000000000734                SHT21_Read_Temp
 .text.SHT21_Read_Humidity
                0x0000000000000864      0x130 ./SHT21Lib.o
                0x0000000000000864                SHT21_Read_Humidity
 .text.mem_read
                0x0000000000000994       0xa0 ./commands.o
                0x0000000000000994                mem_read
 .text.mem_write
                0x0000000000000a34       0x70 ./commands.o
                0x0000000000000a34                mem_write
 .text.InitI2C  0x0000000000000aa4      0x174 ./configs.o
                0x0000000000000aa4                InitI2C
 .text.uart_config
                0x0000000000000c18       0x88 ./configs.o
                0x0000000000000c18                uart_config
 .text.main     0x0000000000000ca0      0x330 ./main.o
                0x0000000000000ca0                main
 .text.isr_gpio5_isl
                0x0000000000000fd0       0x24 ./main.o
                0x0000000000000fd0                isr_gpio5_isl
 .text.isr_uart
                0x0000000000000ff4       0xac ./main.o
                0x0000000000000ff4                isr_uart
 .text.SVC_Handler
                0x00000000000010a0      0x120 ./main.o
                0x00000000000010a0                SVC_Handler
 .text.systickevt
                0x00000000000011c0       0x28 ./main.o
                0x00000000000011c0                systickevt
 .text.PENDSV_Handler
                0x00000000000011e8       0x64 ./main.o
                0x00000000000011e8                PENDSV_Handler
 .text.str_ncmp
                0x000000000000124c       0x44 ./mystring.o
                0x000000000000124c                str_ncmp
 .text.str_cmp  0x0000000000001290       0x80 ./mystring.o
                0x0000000000001290                str_cmp
 .text.str_cat  0x0000000000001310       0x48 ./mystring.o
                0x0000000000001310                str_cat
 .text.str_cpy  0x0000000000001358       0x54 ./mystring.o
                0x0000000000001358                str_cpy
 .text.str_ncpy
                0x00000000000013ac       0x70 ./mystring.o
                0x00000000000013ac                str_ncpy
 .text.str_len  0x000000000000141c       0x30 ./mystring.o
                0x000000000000141c                str_len
 .text.mystrdelws
                0x000000000000144c       0xc0 ./mystring.o
                0x000000000000144c                mystrdelws
 .text.mystrcase
                0x000000000000150c       0x74 ./mystring.o
                0x000000000000150c                mystrcase
 .text.myGPIOPinTypeGPIOOutput
                0x0000000000001580       0x4c ./mysysctl.o
                0x0000000000001580                myGPIOPinTypeGPIOOutput
 .text.myGPIOPinWrite
                0x00000000000015cc       0x2c ./mysysctl.o
                0x00000000000015cc                myGPIOPinWrite
 .text.parser   0x00000000000015f8       0xdc ./parser.o
                0x00000000000015f8                parser
 .text.compare  0x00000000000016d4       0x60 ./parser.o
                0x00000000000016d4                compare
 .text.find_str
                0x0000000000001734       0x60 ./parser.o
                0x0000000000001734                find_str
 .text.message  0x0000000000001794      0x104 ./parser.o
                0x0000000000001794                message
 .text.mystrcmp
                0x0000000000001898       0x80 ./parser.o
                0x0000000000001898                mystrcmp
 .text.mystrcat
                0x0000000000001918       0x50 ./parser.o
                0x0000000000001918                mystrcat
 .text.mystrcpy
                0x0000000000001968       0x50 ./parser.o
                0x0000000000001968                mystrcpy
 .text.mystrlen
                0x00000000000019b8       0x50 ./parser.o
                0x00000000000019b8                mystrlen
 .text.mystrncmp
                0x0000000000001a08       0x74 ./parser.o
                0x0000000000001a08                mystrncmp
 .text.mystrncpy
                0x0000000000001a7c       0x78 ./parser.o
                0x0000000000001a7c                mystrncpy
 .text.mystrdelws_handler
                0x0000000000001af4       0x48 ./parser.o
                0x0000000000001af4                mystrdelws_handler
 .text.mystrcase_handler
                0x0000000000001b3c       0x70 ./parser.o
                0x0000000000001b3c                mystrcase_handler
 .text.clc      0x0000000000001bac       0x20 ./parser.o
                0x0000000000001bac                clc
 .text.help     0x0000000000001bcc       0x1c ./parser.o
                0x0000000000001bcc                help
 .text.peek     0x0000000000001be8       0xd8 ./parser.o
                0x0000000000001be8                peek
 .text.poke     0x0000000000001cc0      0x170 ./parser.o
                0x0000000000001cc0                poke
 .text.humidity_read
                0x0000000000001e30       0x6c ./parser.o
                0x0000000000001e30                humidity_read
 .text.humidity_plot
                0x0000000000001e9c       0x90 ./parser.o
                0x0000000000001e9c                humidity_plot
 *fill*         0x0000000000001f2c        0x4 
 .text.temp_read
                0x0000000000001f30       0xc4 ./parser.o
                0x0000000000001f30                temp_read
 *fill*         0x0000000000001ff4        0x4 
 .text.temp_plot
                0x0000000000001ff8       0xe8 ./parser.o
                0x0000000000001ff8                temp_plot
 .text.config_sht21
                0x00000000000020e0       0x64 ./parser.o
                0x00000000000020e0                config_sht21
 .text.light_read
                0x0000000000002144       0xa4 ./parser.o
                0x0000000000002144                light_read
 .text.light_cont
                0x00000000000021e8       0x38 ./parser.o
                0x00000000000021e8                light_cont
 .text.ir_read  0x0000000000002220       0xa4 ./parser.o
                0x0000000000002220                ir_read
 .text.ir_cont  0x00000000000022c4       0x38 ./parser.o
                0x00000000000022c4                ir_cont
 .text.config_isl
                0x00000000000022fc       0x64 ./parser.o
                0x00000000000022fc                config_isl
 .text.memblkcp
                0x0000000000002360       0x18 ./parser.o
                0x0000000000002360                memblkcp
 .text.transfer
                0x0000000000002378       0x3c ./parser.o
                0x0000000000002378                transfer
 .text.dec_ascii
                0x00000000000023b4       0x70 ./parser.o
                0x00000000000023b4                dec_ascii
 .text.ascii_dec
                0x0000000000002424       0x68 ./parser.o
                0x0000000000002424                ascii_dec
 .text.ascii_hex_dec
                0x000000000000248c       0x98 ./parser.o
                0x000000000000248c                ascii_hex_dec
 .text.int_hex_ascii
                0x0000000000002524       0x90 ./parser.o
                0x0000000000002524                int_hex_ascii
 .text.pextract
                0x00000000000025b4      0x140 ./parser.o
                0x00000000000025b4                pextract
 .text.rst_handler
                0x00000000000026f4       0x80 ./startup_gcc.o
                0x00000000000026f4                rst_handler
 .text.nmi_handler
                0x0000000000002774        0x8 ./startup_gcc.o
                0x0000000000002774                nmi_handler
 .text.hardfault_handler
                0x000000000000277c        0x8 ./startup_gcc.o
                0x000000000000277c                hardfault_handler
 .text.empty_def_handler
                0x0000000000002784        0x8 ./startup_gcc.o
                0x0000000000002784                empty_def_handler
 .text.FPUEnable
                0x000000000000278c       0x10 /Users/Mallesh/tivaware/driverlib/gcc/libdriver.a(fpu.o)
                0x000000000000278c                FPUEnable
 .text.FPUDisable
                0x000000000000279c       0x10 /Users/Mallesh/tivaware/driverlib/gcc/libdriver.a(fpu.o)
                0x000000000000279c                FPUDisable
 .text._GPIOIntNumberGet
                0x00000000000027ac       0x44 /Users/Mallesh/tivaware/driverlib/gcc/libdriver.a(gpio.o)
 .text.GPIODirModeSet
                0x00000000000027f0       0x2e /Users/Mallesh/tivaware/driverlib/gcc/libdriver.a(gpio.o)
                0x00000000000027f0                GPIODirModeSet
 .text.GPIOIntTypeSet
                0x000000000000281e       0x5a /Users/Mallesh/tivaware/driverlib/gcc/libdriver.a(gpio.o)
                0x000000000000281e                GPIOIntTypeSet
 .text.GPIOPadConfigSet
                0x0000000000002878      0x12c /Users/Mallesh/tivaware/driverlib/gcc/libdriver.a(gpio.o)
                0x0000000000002878                GPIOPadConfigSet
 .text.GPIOIntEnable
                0x00000000000029a4        0xc /Users/Mallesh/tivaware/driverlib/gcc/libdriver.a(gpio.o)
                0x00000000000029a4                GPIOIntEnable
 .text.GPIOIntDisable
                0x00000000000029b0        0xe /Users/Mallesh/tivaware/driverlib/gcc/libdriver.a(gpio.o)
                0x00000000000029b0                GPIOIntDisable
 .text.GPIOIntClear
                0x00000000000029be        0x6 /Users/Mallesh/tivaware/driverlib/gcc/libdriver.a(gpio.o)
                0x00000000000029be                GPIOIntClear
 .text.GPIOIntRegister
                0x00000000000029c4       0x1a /Users/Mallesh/tivaware/driverlib/gcc/libdriver.a(gpio.o)
                0x00000000000029c4                GPIOIntRegister
 .text.GPIOPinTypeGPIOInput
                0x00000000000029de       0x1c /Users/Mallesh/tivaware/driverlib/gcc/libdriver.a(gpio.o)
                0x00000000000029de                GPIOPinTypeGPIOInput
 .text.GPIOPinTypeI2C
                0x00000000000029fa       0x1c /Users/Mallesh/tivaware/driverlib/gcc/libdriver.a(gpio.o)
                0x00000000000029fa                GPIOPinTypeI2C
 .text.GPIOPinTypeI2CSCL
                0x0000000000002a16       0x1c /Users/Mallesh/tivaware/driverlib/gcc/libdriver.a(gpio.o)
                0x0000000000002a16                GPIOPinTypeI2CSCL
 .text.GPIOPinTypeUART
                0x0000000000002a32       0x1c /Users/Mallesh/tivaware/driverlib/gcc/libdriver.a(gpio.o)
                0x0000000000002a32                GPIOPinTypeUART
 *fill*         0x0000000000002a4e        0x2 
 .text.GPIOPinConfigure
                0x0000000000002a50       0x44 /Users/Mallesh/tivaware/driverlib/gcc/libdriver.a(gpio.o)
                0x0000000000002a50                GPIOPinConfigure
 .text.I2CMasterEnable
                0x0000000000002a94        0xa /Users/Mallesh/tivaware/driverlib/gcc/libdriver.a(i2c.o)
                0x0000000000002a94                I2CMasterEnable
 *fill*         0x0000000000002a9e        0x2 
 .text.I2CMasterInitExpClk
                0x0000000000002aa0       0x54 /Users/Mallesh/tivaware/driverlib/gcc/libdriver.a(i2c.o)
                0x0000000000002aa0                I2CMasterInitExpClk
 .text.I2CMasterSlaveAddrSet
                0x0000000000002af4        0x8 /Users/Mallesh/tivaware/driverlib/gcc/libdriver.a(i2c.o)
                0x0000000000002af4                I2CMasterSlaveAddrSet
 .text.I2CMasterBusy
                0x0000000000002afc        0x8 /Users/Mallesh/tivaware/driverlib/gcc/libdriver.a(i2c.o)
                0x0000000000002afc                I2CMasterBusy
 .text.I2CMasterBusBusy
                0x0000000000002b04        0x8 /Users/Mallesh/tivaware/driverlib/gcc/libdriver.a(i2c.o)
                0x0000000000002b04                I2CMasterBusBusy
 .text.I2CMasterControl
                0x0000000000002b0c        0x4 /Users/Mallesh/tivaware/driverlib/gcc/libdriver.a(i2c.o)
                0x0000000000002b0c                I2CMasterControl
 .text.I2CMasterErr
                0x0000000000002b10       0x16 /Users/Mallesh/tivaware/driverlib/gcc/libdriver.a(i2c.o)
                0x0000000000002b10                I2CMasterErr
 .text.I2CMasterDataPut
                0x0000000000002b26        0x4 /Users/Mallesh/tivaware/driverlib/gcc/libdriver.a(i2c.o)
                0x0000000000002b26                I2CMasterDataPut
 .text.I2CMasterDataGet
                0x0000000000002b2a        0x4 /Users/Mallesh/tivaware/driverlib/gcc/libdriver.a(i2c.o)
                0x0000000000002b2a                I2CMasterDataGet
 *fill*         0x0000000000002b2e        0x2 
 .text.IntRegister
                0x0000000000002b30       0x30 /Users/Mallesh/tivaware/driverlib/gcc/libdriver.a(interrupt.o)
                0x0000000000002b30                IntRegister
 .text.IntPrioritySet
                0x0000000000002b60       0x28 /Users/Mallesh/tivaware/driverlib/gcc/libdriver.a(interrupt.o)
                0x0000000000002b60                IntPrioritySet
 .text.IntEnable
                0x0000000000002b88       0x5c /Users/Mallesh/tivaware/driverlib/gcc/libdriver.a(interrupt.o)
                0x0000000000002b88                IntEnable
 .text.IntPendSet
                0x0000000000002be4       0x4c /Users/Mallesh/tivaware/driverlib/gcc/libdriver.a(interrupt.o)
                0x0000000000002be4                IntPendSet
 .text.SysCtlPeripheralReady
                0x0000000000002c30       0x28 /Users/Mallesh/tivaware/driverlib/gcc/libdriver.a(sysctl.o)
                0x0000000000002c30                SysCtlPeripheralReady
 .text.SysCtlPeripheralEnable
                0x0000000000002c58       0x24 /Users/Mallesh/tivaware/driverlib/gcc/libdriver.a(sysctl.o)
                0x0000000000002c58                SysCtlPeripheralEnable
 .text.SysCtlPeripheralDeepSleepEnable
                0x0000000000002c7c       0x24 /Users/Mallesh/tivaware/driverlib/gcc/libdriver.a(sysctl.o)
                0x0000000000002c7c                SysCtlPeripheralDeepSleepEnable
 .text.SysCtlPeripheralDeepSleepDisable
                0x0000000000002ca0       0x24 /Users/Mallesh/tivaware/driverlib/gcc/libdriver.a(sysctl.o)
                0x0000000000002ca0                SysCtlPeripheralDeepSleepDisable
 .text.SysCtlPeripheralClockGating
                0x0000000000002cc4       0x48 /Users/Mallesh/tivaware/driverlib/gcc/libdriver.a(sysctl.o)
                0x0000000000002cc4                SysCtlPeripheralClockGating
 .text.SysCtlDeepSleep
                0x0000000000002d0c       0x20 /Users/Mallesh/tivaware/driverlib/gcc/libdriver.a(sysctl.o)
                0x0000000000002d0c                SysCtlDeepSleep
 .text.SysCtlClockGet
                0x0000000000002d2c      0x150 /Users/Mallesh/tivaware/driverlib/gcc/libdriver.a(sysctl.o)
                0x0000000000002d2c                SysCtlClockGet
 .text.SysTickEnable
                0x0000000000002e7c       0x10 /Users/Mallesh/tivaware/driverlib/gcc/libdriver.a(systick.o)
                0x0000000000002e7c                SysTickEnable
 .text.SysTickIntEnable
                0x0000000000002e8c       0x10 /Users/Mallesh/tivaware/driverlib/gcc/libdriver.a(systick.o)
                0x0000000000002e8c                SysTickIntEnable
 .text.SysTickPeriodSet
                0x0000000000002e9c        0xc /Users/Mallesh/tivaware/driverlib/gcc/libdriver.a(systick.o)
                0x0000000000002e9c                SysTickPeriodSet
 .text._UARTIntNumberGet
                0x0000000000002ea8       0x44 /Users/Mallesh/tivaware/driverlib/gcc/libdriver.a(uart.o)
 .text.UARTEnable
                0x0000000000002eec       0x16 /Users/Mallesh/tivaware/driverlib/gcc/libdriver.a(uart.o)
                0x0000000000002eec                UARTEnable
 .text.UARTDisable
                0x0000000000002f02       0x1c /Users/Mallesh/tivaware/driverlib/gcc/libdriver.a(uart.o)
                0x0000000000002f02                UARTDisable
 .text.UARTConfigSetExpClk
                0x0000000000002f1e       0x48 /Users/Mallesh/tivaware/driverlib/gcc/libdriver.a(uart.o)
                0x0000000000002f1e                UARTConfigSetExpClk
 .text.UARTFIFODisable
                0x0000000000002f66        0xa /Users/Mallesh/tivaware/driverlib/gcc/libdriver.a(uart.o)
                0x0000000000002f66                UARTFIFODisable
 .text.UARTCharsAvail
                0x0000000000002f70        0xc /Users/Mallesh/tivaware/driverlib/gcc/libdriver.a(uart.o)
                0x0000000000002f70                UARTCharsAvail
 .text.UARTCharGet
                0x0000000000002f7c        0xa /Users/Mallesh/tivaware/driverlib/gcc/libdriver.a(uart.o)
                0x0000000000002f7c                UARTCharGet
 .text.UARTCharPut
                0x0000000000002f86        0xa /Users/Mallesh/tivaware/driverlib/gcc/libdriver.a(uart.o)
                0x0000000000002f86                UARTCharPut
 .text.UARTBusy
                0x0000000000002f90        0x8 /Users/Mallesh/tivaware/driverlib/gcc/libdriver.a(uart.o)
                0x0000000000002f90                UARTBusy
 .text.UARTIntRegister
                0x0000000000002f98       0x1a /Users/Mallesh/tivaware/driverlib/gcc/libdriver.a(uart.o)
                0x0000000000002f98                UARTIntRegister
 .text.UARTIntEnable
                0x0000000000002fb2        0x8 /Users/Mallesh/tivaware/driverlib/gcc/libdriver.a(uart.o)
                0x0000000000002fb2                UARTIntEnable
 .text.UARTIntStatus
                0x0000000000002fba        0xa /Users/Mallesh/tivaware/driverlib/gcc/libdriver.a(uart.o)
                0x0000000000002fba                UARTIntStatus
 .text.UARTIntClear
                0x0000000000002fc4        0x4 /Users/Mallesh/tivaware/driverlib/gcc/libdriver.a(uart.o)
                0x0000000000002fc4                UARTIntClear
 .text.CPUwfi   0x0000000000002fc8        0x4 /Users/Mallesh/tivaware/driverlib/gcc/libdriver.a(cpu.o)
                0x0000000000002fc8                CPUwfi
 .text.memset   0x0000000000002fcc       0x9c /usr/local/gcc-arm-none-eabi-4_9-2015q3/bin/../lib/gcc/arm-none-eabi/4.9.3/../../../../arm-none-eabi/lib/armv7e-m/libc.a(lib_a-memset.o)
                0x0000000000002fcc                memset
 *(.rodata.*)
 .rodata.g_ppui32GPIOIntMapSnowflake
                0x0000000000003068       0xc0 /Users/Mallesh/tivaware/driverlib/gcc/libdriver.a(gpio.o)
 .rodata.g_pui32GPIOBaseAddrs
                0x0000000000003128       0x90 /Users/Mallesh/tivaware/driverlib/gcc/libdriver.a(gpio.o)
 .rodata.g_ppui32GPIOIntMapBlizzard
                0x00000000000031b8       0xc0 /Users/Mallesh/tivaware/driverlib/gcc/libdriver.a(gpio.o)
 .rodata.g_pui32PendRegs
                0x0000000000003278       0x14 /Users/Mallesh/tivaware/driverlib/gcc/libdriver.a(interrupt.o)
 .rodata.g_pui32Regs
                0x000000000000328c       0x9c /Users/Mallesh/tivaware/driverlib/gcc/libdriver.a(interrupt.o)
 .rodata.g_pui32EnRegs
                0x0000000000003328       0x14 /Users/Mallesh/tivaware/driverlib/gcc/libdriver.a(interrupt.o)
 .rodata.g_pui32Xtals
                0x000000000000333c       0x6c /Users/Mallesh/tivaware/driverlib/gcc/libdriver.a(sysctl.o)
 .rodata.g_ppui32UARTIntMap
                0x00000000000033a8       0x40 /Users/Mallesh/tivaware/driverlib/gcc/libdriver.a(uart.o)
 .rodata.g_ppui32UARTIntMapSnowflake
                0x00000000000033e8       0x40 /Users/Mallesh/tivaware/driverlib/gcc/libdriver.a(uart.o)
                0x0000000000003428                _end_text = .
 .text          0x0000000000003428      0x370 /usr/local/gcc-arm-none-eabi-4_9-2015q3/bin/../lib/gcc/arm-none-eabi/4.9.3/armv7e-m/libgcc.a(_arm_addsubdf3.o)
                0x0000000000003428                __aeabi_drsub
                0x0000000000003430                __subdf3
                0x0000000000003430                __aeabi_dsub
                0x0000000000003434                __aeabi_dadd
                0x0000000000003434                __adddf3
                0x00000000000036ac                __aeabi_ui2d
                0x00000000000036ac                __floatunsidf
                0x00000000000036cc                __floatsidf
                0x00000000000036cc                __aeabi_i2d
                0x00000000000036f0                __extendsfdf2
                0x00000000000036f0                __aeabi_f2d
                0x000000000000372c                __aeabi_ul2d
                0x000000000000372c                __floatundidf
                0x000000000000373c                __aeabi_l2d
                0x000000000000373c                __floatdidf
 .text          0x0000000000003798      0x424 /usr/local/gcc-arm-none-eabi-4_9-2015q3/bin/../lib/gcc/arm-none-eabi/4.9.3/armv7e-m/libgcc.a(_arm_muldivdf3.o)
                0x0000000000003798                __aeabi_dmul
                0x0000000000003798                __muldf3
                0x00000000000039ec                __aeabi_ddiv
                0x00000000000039ec                __divdf3
 .text          0x0000000000003bbc       0x40 /usr/local/gcc-arm-none-eabi-4_9-2015q3/bin/../lib/gcc/arm-none-eabi/4.9.3/armv7e-m/libgcc.a(_arm_fixunsdfsi.o)
                0x0000000000003bbc                __fixunsdfsi
                0x0000000000003bbc                __aeabi_d2uiz
 .text          0x0000000000003bfc      0x134 /usr/local/gcc-arm-none-eabi-4_9-2015q3/bin/../lib/gcc/arm-none-eabi/4.9.3/../../../../arm-none-eabi/lib/armv7e-m/libc.a(lib_a-memcpy.o)
                0x0000000000003bfc                memcpy

.glue_7         0x0000000000003d30        0x0
 .glue_7        0x0000000000000000        0x0 linker stubs

.glue_7t        0x0000000000003d30        0x0
 .glue_7t       0x0000000000000000        0x0 linker stubs

.vfp11_veneer   0x0000000000003d30        0x0
 .vfp11_veneer  0x0000000000000000        0x0 linker stubs

.v4_bx          0x0000000000003d30        0x0
 .v4_bx         0x0000000000000000        0x0 linker stubs

.iplt           0x0000000000003d30        0x0
 .iplt          0x0000000000000000        0x0 /usr/local/gcc-arm-none-eabi-4_9-2015q3/bin/../lib/gcc/arm-none-eabi/4.9.3/armv7e-m/crtbegin.o

.rel.dyn        0x0000000000003d30        0x0
 .rel.iplt      0x0000000000000000        0x0 /usr/local/gcc-arm-none-eabi-4_9-2015q3/bin/../lib/gcc/arm-none-eabi/4.9.3/armv7e-m/crtbegin.o

.rodata         0x0000000000003d30      0x9bb
 .rodata        0x0000000000003d30       0x17 ./commands.o
 *fill*         0x0000000000003d47        0x1 
 .rodata        0x0000000000003d48       0x32 ./main.o
 *fill*         0x0000000000003d7a        0x2 
 .rodata        0x0000000000003d7c      0x96f ./parser.o

.data           0x0000000020000000      0x66c load address 0x00000000000046eb
                0x0000000020000000                _start_data = .
 *(.data.*)
 .data.pend_on  0x0000000020000000        0x4 ./main.o
                0x0000000020000000                pend_on
 *(vtable)
 *fill*         0x0000000020000004      0x3fc 
 vtable         0x0000000020000400      0x26c /Users/Mallesh/tivaware/driverlib/gcc/libdriver.a(interrupt.o)
                0x000000002000066c                _end_data = .

.igot.plt       0x000000002000066c        0x0 load address 0x0000000000004d57
 .igot.plt      0x0000000000000000        0x0 /usr/local/gcc-arm-none-eabi-4_9-2015q3/bin/../lib/gcc/arm-none-eabi/4.9.3/armv7e-m/crtbegin.o

.bss            0x000000002000066c      0x19d load address 0x0000000000004d57
                0x000000002000066c                _start_bss = .
 *(.bss.*)
 .bss.call_parser
                0x000000002000066c        0x4 ./main.o
                0x000000002000066c                call_parser
 .bss.esc_flag  0x0000000020000670        0x4 ./main.o
                0x0000000020000670                esc_flag
 .bss.isl_int   0x0000000020000674        0x4 ./main.o
                0x0000000020000674                isl_int
 .bss.process   0x0000000020000678        0x4 ./main.o
                0x0000000020000678                process
 .bss.idxm      0x000000002000067c        0x4 ./main.o
                0x000000002000067c                idxm
 .bss.sys_tik   0x0000000020000680        0x4 ./main.o
                0x0000000020000680                sys_tik
 .bss.toggle    0x0000000020000684        0x4 ./main.o
                0x0000000020000684                toggle
 .bss.cmd_read  0x0000000020000688        0x4 ./main.o
                0x0000000020000688                cmd_read
 .bss.i         0x000000002000068c        0x4 ./main.o
                0x000000002000068c                i
 .bss.nargs     0x0000000020000690        0x4 ./main.o
                0x0000000020000690                nargs
 .bss.cmd_ID    0x0000000020000694        0x4 ./main.o
                0x0000000020000694                cmd_ID
 .bss.call_function
                0x0000000020000698        0x4 ./main.o
                0x0000000020000698                call_function
 .bss.prxdcmd   0x000000002000069c      0x12c ./main.o
                0x000000002000069c                prxdcmd
 .bss.deci      0x00000000200007c8        0x4 ./parser.o
                0x00000000200007c8                deci
 .bss.ascii     0x00000000200007cc        0x6 ./parser.o
                0x00000000200007cc                ascii
 *fill*         0x00000000200007d2        0x2 
 .bss.hex_addr  0x00000000200007d4        0x4 ./parser.o
                0x00000000200007d4                hex_addr
 *(COMMON)
 COMMON         0x00000000200007d8        0x9 ./ISL29023Lib.o
                0x00000000200007d8                ISL
 *fill*         0x00000000200007e1        0x3 
 COMMON         0x00000000200007e4       0x25 ./main.o
                0x00000000200007e4                funptr
                0x00000000200007e8                pext_ptr
                0x00000000200007ec                pexts
                0x0000000020000808                uart_char
                0x0000000020000809                _end_bss = .

.mydata         0x000000002000080c      0x320 load address 0x0000000000004d57
                0x000000002000080c                . = ALIGN (0x4)
                0x000000002000080c                _start_mydata = .
 *(.mydata)
 .mydata        0x000000002000080c      0x190 ./main.o
                0x000000002000080c                str1
                0x0000000020000870                str2
                0x00000000200008d4                str3
                0x0000000020000938                str4
                0x000000002000099c                . = ALIGN (0x4)
                0x000000002000099c                _str1 = .
                0x0000000020000a00                _str2 = (_str1 + 0x64)
                0x0000000020000a64                _str3 = (_str2 + 0x64)
                0x0000000020000ac8                _str4 = (_str3 + 0x64)
                0x0000000020000b2c                _end_mydata = (_str4 + 0x64)
                0x0000000020000b2c                . = _end_mydata
 *fill*         0x000000002000099c      0x190 

.stack          0x0000000020007fff        0x0
                0x0000000020007fff                _stack_top = .
LOAD ./ISL29023Lib.o
LOAD ./SHT21Lib.o
LOAD ./commands.o
LOAD ./configs.o
LOAD ./main.o
LOAD ./mystring.o
LOAD ./mysysctl.o
LOAD ./parser.o
LOAD ./startup_gcc.o
LOAD /Users/Mallesh/tivaware/driverlib/gcc/libdriver.a
START GROUP
LOAD /usr/local/gcc-arm-none-eabi-4_9-2015q3/bin/../lib/gcc/arm-none-eabi/4.9.3/armv7e-m/libgcc.a
LOAD /usr/local/gcc-arm-none-eabi-4_9-2015q3/bin/../lib/gcc/arm-none-eabi/4.9.3/../../../../arm-none-eabi/lib/armv7e-m/libc.a
END GROUP
LOAD /usr/local/gcc-arm-none-eabi-4_9-2015q3/bin/../lib/gcc/arm-none-eabi/4.9.3/armv7e-m/crtend.o
LOAD /usr/local/gcc-arm-none-eabi-4_9-2015q3/bin/../lib/gcc/arm-none-eabi/4.9.3/armv7e-m/crtn.o
OUTPUT(UART_tiva.elf elf32-littlearm)

.debug_info     0x0000000000000000     0x1a80
 .debug_info    0x0000000000000000      0x1ca ./ISL29023Lib.o
 .debug_info    0x00000000000001ca      0x1b7 ./SHT21Lib.o
 .debug_info    0x0000000000000381      0x267 ./commands.o
 .debug_info    0x00000000000005e8      0x141 ./configs.o
 .debug_info    0x0000000000000729      0x392 ./main.o
 .debug_info    0x0000000000000abb      0x2d1 ./mystring.o
 .debug_info    0x0000000000000d8c      0x1d0 ./mysysctl.o
 .debug_info    0x0000000000000f5c      0x9fe ./parser.o
 .debug_info    0x000000000000195a      0x126 ./startup_gcc.o

.debug_abbrev   0x0000000000000000      0x80b
 .debug_abbrev  0x0000000000000000       0xaf ./ISL29023Lib.o
 .debug_abbrev  0x00000000000000af       0xe9 ./SHT21Lib.o
 .debug_abbrev  0x0000000000000198       0xc9 ./commands.o
 .debug_abbrev  0x0000000000000261       0x88 ./configs.o
 .debug_abbrev  0x00000000000002e9      0x12e ./main.o
 .debug_abbrev  0x0000000000000417      0x103 ./mystring.o
 .debug_abbrev  0x000000000000051a       0x7d ./mysysctl.o
 .debug_abbrev  0x0000000000000597      0x1be ./parser.o
 .debug_abbrev  0x0000000000000755       0xb6 ./startup_gcc.o

.debug_aranges  0x0000000000000000      0x338
 .debug_aranges
                0x0000000000000000       0x38 ./ISL29023Lib.o
 .debug_aranges
                0x0000000000000038       0x50 ./SHT21Lib.o
 .debug_aranges
                0x0000000000000088       0x48 ./commands.o
 .debug_aranges
                0x00000000000000d0       0x28 ./configs.o
 .debug_aranges
                0x00000000000000f8       0x48 ./main.o
 .debug_aranges
                0x0000000000000140       0x58 ./mystring.o
 .debug_aranges
                0x0000000000000198       0x48 ./mysysctl.o
 .debug_aranges
                0x00000000000001e0      0x120 ./parser.o
 .debug_aranges
                0x0000000000000300       0x38 ./startup_gcc.o

.debug_ranges   0x0000000000000000      0x2a8
 .debug_ranges  0x0000000000000000       0x28 ./ISL29023Lib.o
 .debug_ranges  0x0000000000000028       0x40 ./SHT21Lib.o
 .debug_ranges  0x0000000000000068       0x38 ./commands.o
 .debug_ranges  0x00000000000000a0       0x18 ./configs.o
 .debug_ranges  0x00000000000000b8       0x38 ./main.o
 .debug_ranges  0x00000000000000f0       0x48 ./mystring.o
 .debug_ranges  0x0000000000000138       0x38 ./mysysctl.o
 .debug_ranges  0x0000000000000170      0x110 ./parser.o
 .debug_ranges  0x0000000000000280       0x28 ./startup_gcc.o

.debug_macro    0x0000000000000000     0xf3e1
 .debug_macro   0x0000000000000000       0xb4 ./ISL29023Lib.o
 .debug_macro   0x00000000000000b4      0x87a ./ISL29023Lib.o
 .debug_macro   0x000000000000092e       0x22 ./ISL29023Lib.o
 .debug_macro   0x0000000000000950       0x44 ./ISL29023Lib.o
 .debug_macro   0x0000000000000994       0xe3 ./ISL29023Lib.o
 .debug_macro   0x0000000000000a77       0x22 ./ISL29023Lib.o
 .debug_macro   0x0000000000000a99      0x1df ./ISL29023Lib.o
 .debug_macro   0x0000000000000c78       0x22 ./ISL29023Lib.o
 .debug_macro   0x0000000000000c9a     0xb522 ./ISL29023Lib.o
 .debug_macro   0x000000000000c1bc      0x25e ./ISL29023Lib.o
 .debug_macro   0x000000000000c41a       0x67 ./ISL29023Lib.o
 .debug_macro   0x000000000000c481      0x101 ./ISL29023Lib.o
 .debug_macro   0x000000000000c582      0x3d7 ./ISL29023Lib.o
 .debug_macro   0x000000000000c959      0xa88 ./ISL29023Lib.o
 .debug_macro   0x000000000000d3e1      0x17a ./ISL29023Lib.o
 .debug_macro   0x000000000000d55b      0x2b2 ./ISL29023Lib.o
 .debug_macro   0x000000000000d80d       0xac ./ISL29023Lib.o
 .debug_macro   0x000000000000d8b9       0xb4 ./SHT21Lib.o
 .debug_macro   0x000000000000d96d       0x70 ./SHT21Lib.o
 .debug_macro   0x000000000000d9dd       0xf4 ./commands.o
 .debug_macro   0x000000000000dad1       0x10 ./commands.o
 .debug_macro   0x000000000000dae1       0x22 ./commands.o
 .debug_macro   0x000000000000db03       0x76 ./commands.o
 .debug_macro   0x000000000000db79       0xb2 ./commands.o
 .debug_macro   0x000000000000dc2b       0x46 ./commands.o
 .debug_macro   0x000000000000dc71       0xc1 ./configs.o
 .debug_macro   0x000000000000dd32      0x14d ./main.o
 .debug_macro   0x000000000000de7f     0x1342 ./main.o
 .debug_macro   0x000000000000f1c1       0xaf ./mystring.o
 .debug_macro   0x000000000000f270       0x66 ./mysysctl.o
 .debug_macro   0x000000000000f2d6       0xfa ./parser.o
 .debug_macro   0x000000000000f3d0       0x11 ./startup_gcc.o

.debug_line     0x0000000000000000     0x205f
 .debug_line    0x0000000000000000      0x366 ./ISL29023Lib.o
 .debug_line    0x0000000000000366      0x451 ./SHT21Lib.o
 .debug_line    0x00000000000007b7      0x3f5 ./commands.o
 .debug_line    0x0000000000000bac      0x2d9 ./configs.o
 .debug_line    0x0000000000000e85      0x3ef ./main.o
 .debug_line    0x0000000000001274      0x3c0 ./mystring.o
 .debug_line    0x0000000000001634      0x238 ./mysysctl.o
 .debug_line    0x000000000000186c      0x764 ./parser.o
 .debug_line    0x0000000000001fd0       0x8f ./startup_gcc.o

.debug_str      0x0000000000000000    0x44247
 .debug_str     0x0000000000000000    0x4292d ./ISL29023Lib.o
                                      0x42a99 (size before relaxing)
 .debug_str     0x000000000004292d      0x1ee ./SHT21Lib.o
                                      0x42a2f (size before relaxing)
 .debug_str     0x0000000000042b1b      0x2ff ./commands.o
                                      0x42e6e (size before relaxing)
 .debug_str     0x0000000000042e1a       0x80 ./configs.o
                                      0x429b0 (size before relaxing)
 .debug_str     0x0000000000042e9a     0x1017 ./main.o
                                      0x43dc7 (size before relaxing)
 .debug_str     0x0000000000043eb1       0x5f ./mystring.o
                                      0x41a6c (size before relaxing)
 .debug_str     0x0000000000043f10       0xc9 ./mysysctl.o
                                      0x3c4e6 (size before relaxing)
 .debug_str     0x0000000000043fd9      0x1be ./parser.o
                                      0x42f82 (size before relaxing)
 .debug_str     0x0000000000044197       0xb0 ./startup_gcc.o
                                       0x257d (size before relaxing)

.comment        0x0000000000000000       0x70
 .comment       0x0000000000000000       0x70 ./ISL29023Lib.o
                                         0x71 (size before relaxing)
 .comment       0x0000000000000000       0x71 ./SHT21Lib.o
 .comment       0x0000000000000000       0x71 ./commands.o
 .comment       0x0000000000000000       0x71 ./configs.o
 .comment       0x0000000000000000       0x71 ./main.o
 .comment       0x0000000000000000       0x71 ./mystring.o
 .comment       0x0000000000000000       0x71 ./mysysctl.o
 .comment       0x0000000000000000       0x71 ./parser.o
 .comment       0x0000000000000000       0x71 ./startup_gcc.o
 .comment       0x0000000000000000       0x71 /Users/Mallesh/tivaware/driverlib/gcc/libdriver.a(fpu.o)
 .comment       0x0000000000000000       0x71 /Users/Mallesh/tivaware/driverlib/gcc/libdriver.a(gpio.o)
 .comment       0x0000000000000000       0x71 /Users/Mallesh/tivaware/driverlib/gcc/libdriver.a(i2c.o)
 .comment       0x0000000000000000       0x71 /Users/Mallesh/tivaware/driverlib/gcc/libdriver.a(interrupt.o)
 .comment       0x0000000000000000       0x71 /Users/Mallesh/tivaware/driverlib/gcc/libdriver.a(sysctl.o)
 .comment       0x0000000000000000       0x71 /Users/Mallesh/tivaware/driverlib/gcc/libdriver.a(systick.o)
 .comment       0x0000000000000000       0x71 /Users/Mallesh/tivaware/driverlib/gcc/libdriver.a(uart.o)
 .comment       0x0000000000000000       0x71 /Users/Mallesh/tivaware/driverlib/gcc/libdriver.a(cpu.o)

.ARM.attributes
                0x0000000000000000       0x2e
 .ARM.attributes
                0x0000000000000000       0x37 ./ISL29023Lib.o
 .ARM.attributes
                0x0000000000000037       0x37 ./SHT21Lib.o
 .ARM.attributes
                0x000000000000006e       0x37 ./commands.o
 .ARM.attributes
                0x00000000000000a5       0x37 ./configs.o
 .ARM.attributes
                0x00000000000000dc       0x37 ./main.o
 .ARM.attributes
                0x0000000000000113       0x37 ./mystring.o
 .ARM.attributes
                0x000000000000014a       0x37 ./mysysctl.o
 .ARM.attributes
                0x0000000000000181       0x37 ./parser.o
 .ARM.attributes
                0x00000000000001b8       0x37 ./startup_gcc.o
 .ARM.attributes
                0x00000000000001ef       0x37 /Users/Mallesh/tivaware/driverlib/gcc/libdriver.a(fpu.o)
 .ARM.attributes
                0x0000000000000226       0x37 /Users/Mallesh/tivaware/driverlib/gcc/libdriver.a(gpio.o)
 .ARM.attributes
                0x000000000000025d       0x37 /Users/Mallesh/tivaware/driverlib/gcc/libdriver.a(i2c.o)
 .ARM.attributes
                0x0000000000000294       0x37 /Users/Mallesh/tivaware/driverlib/gcc/libdriver.a(interrupt.o)
 .ARM.attributes
                0x00000000000002cb       0x37 /Users/Mallesh/tivaware/driverlib/gcc/libdriver.a(sysctl.o)
 .ARM.attributes
                0x0000000000000302       0x37 /Users/Mallesh/tivaware/driverlib/gcc/libdriver.a(systick.o)
 .ARM.attributes
                0x0000000000000339       0x37 /Users/Mallesh/tivaware/driverlib/gcc/libdriver.a(uart.o)
 .ARM.attributes
                0x0000000000000370       0x37 /Users/Mallesh/tivaware/driverlib/gcc/libdriver.a(cpu.o)
 .ARM.attributes
                0x00000000000003a7       0x1e /usr/local/gcc-arm-none-eabi-4_9-2015q3/bin/../lib/gcc/arm-none-eabi/4.9.3/armv7e-m/libgcc.a(_arm_addsubdf3.o)
 .ARM.attributes
                0x00000000000003c5       0x1e /usr/local/gcc-arm-none-eabi-4_9-2015q3/bin/../lib/gcc/arm-none-eabi/4.9.3/armv7e-m/libgcc.a(_arm_muldivdf3.o)
 .ARM.attributes
                0x00000000000003e3       0x1e /usr/local/gcc-arm-none-eabi-4_9-2015q3/bin/../lib/gcc/arm-none-eabi/4.9.3/armv7e-m/libgcc.a(_arm_fixunsdfsi.o)
 .ARM.attributes
                0x0000000000000401       0x1c /usr/local/gcc-arm-none-eabi-4_9-2015q3/bin/../lib/gcc/arm-none-eabi/4.9.3/../../../../arm-none-eabi/lib/armv7e-m/libc.a(lib_a-memcpy.o)
 .ARM.attributes
                0x000000000000041d       0x2e /usr/local/gcc-arm-none-eabi-4_9-2015q3/bin/../lib/gcc/arm-none-eabi/4.9.3/../../../../arm-none-eabi/lib/armv7e-m/libc.a(lib_a-memset.o)

.debug_frame    0x0000000000000000      0xb8c
 .debug_frame   0x0000000000000000       0xa4 ./ISL29023Lib.o
 .debug_frame   0x00000000000000a4      0x110 ./SHT21Lib.o
 .debug_frame   0x00000000000001b4       0xec ./commands.o
 .debug_frame   0x00000000000002a0       0x58 ./configs.o
 .debug_frame   0x00000000000002f8       0xd0 ./main.o
 .debug_frame   0x00000000000003c8      0x144 ./mystring.o
 .debug_frame   0x000000000000050c      0x100 ./mysysctl.o
 .debug_frame   0x000000000000060c      0x4d0 ./parser.o
 .debug_frame   0x0000000000000adc       0x7c ./startup_gcc.o
 .debug_frame   0x0000000000000b58       0x34 /usr/local/gcc-arm-none-eabi-4_9-2015q3/bin/../lib/gcc/arm-none-eabi/4.9.3/../../../../arm-none-eabi/lib/armv7e-m/libc.a(lib_a-memset.o)
